default: 32768 minimum: 301
[    0.017825] Security Framework initialized
[    0.020265] Yama: becoming mindful.
[    0.024801] AppArmor: AppArmor initialized
[    0.062743] Dentry cache hash table entries: 524288 (order: 10, 4194304 bytes)
[    0.080100] Inode-cache hash table entries: 262144 (order: 9, 2097152 bytes)
[    0.088006] Mount-cache hash table entries: 8192 (order: 4, 65536 bytes)
[    0.096746] Mountpoint-cache hash table entries: 8192 (order: 4, 65536 bytes)
[    0.109458] Last level iTLB entries: 4KB 64, 2MB 8, 4MB 8
[    0.112006] Last level dTLB entries: 4KB 64, 2MB 0, 4MB 0, 1GB 4
[    0.116048] Spectre V1 : Mitigation: usercopy/swapgs barriers and __user pointer sanitization
[    0.120046] Spectre V2 : Mitigation: Full generic retpoline
[    0.124005] Spectre V2 : Spectre v2 / SpectreRSB mitigation: Filling RSB on context switch
[    0.128006] Speculative Store Bypass: Vulnerable
[    0.132352] MDS: Mitigation: Clear CPU buffers
[    0.141445] Freeing SMP alternatives memory: 36K
[    0.297827] APIC calibration not consistent with PM-Timer: 110ms instead of 100ms
[    0.300000] APIC delta adjusted to PM-Timer: 6329060 (6964028)
[    0.300719] smpboot: CPU0: Intel(R) Core(TM) i5-7200U CPU @ 2.50GHz (family: 0x6, model: 0x8e, stepping: 0x9)
[    0.304000] Performance Events: unsupported p6 CPU model 142 no PMU driver, software events only.
[    0.304000] Hierarchical SRCU implementation.
[    0.304000] NMI watchdog: Perf event create on CPU 0 failed with -2
[    0.304000] NMI watchdog: Perf NMI watchdog permanently disabled
[    0.304000] smp: Bringing up secondary CPUs ...
[    0.304000] x86: Booting SMP configuration:
[    0.304000] .... node  #0, CPUs:      #1
[    0.004000] kvm-clock: cpu 1, msr 0:bff44041, secondary cpu clock
[    0.322296] TSC synchronization [CPU#0 -> CPU#1]:
[    0.324000] Measured 117317 cycles TSC warp between CPUs, turning off TSC clock.
[    0.324000] tsc: Marking TSC unstable due to check_tsc_sync_source failed
[    0.328323] smp: Brought up 1 node, 2 CPUs
[    0.332006] smpboot: Max logical packages: 1
[    0.336004] smpboot: Total of 2 processors activated (10847.98 BogoMIPS)
[    0.436109] devtmpfs: initialized
[    0.440491] x86/mm: Memory block size: 128MB
[    0.449733] evm: security.selinux
[    0.452136] evm: security.SMACK64
[    0.456005] evm: security.SMACK64EXEC
[    0.460006] evm: security.SMACK64TRANSMUTE
[    0.464005] evm: security.SMACK64MMAP
[    0.468003] evm: security.apparmor
[    0.472006] evm: security.ima
[    0.476003] evm: security.capability
[    0.484024] clocksource: jiffies: mask: 0xffffffff max_cycles: 0xffffffff, max_idle_ns: 7645041785100000 ns
[    0.488045] futex hash table entries: 512 (order: 3, 32768 bytes)
[    0.492419] pinctrl core: initialized pinctrl subsystem
[    0.497168] RTC time: 12:24:59, date: 07/24/22
[    0.505071] NET: Registered protocol family 16
[    0.508276] audit: initializing netlink subsys (disabled)
[    0.512257] audit: type=2000 audit(1658665505.629:1): state=initialized audit_enabled=0 res=1
[    0.524010] cpuidle: using governor ladder
[    0.528015] cpuidle: using governor menu
[    0.532184] ACPI: bus type PCI registered
[    0.536061] acpiphp: ACPI Hot Plug PCI Controller Driver version: 0.5
[    0.540778] PCI: Using configuration type 1 for base access
[    0.548236] HugeTLB registered 2.00 MiB page size, pre-allocated 0 pages
[    0.564007] ACPI: Added _OSI(Module Device)
[    0.568006] ACPI: Added _OSI(Processor Device)
[    0.576008] ACPI: Added _OSI(3.0 _SCP Extensions)
[    0.584007] ACPI: Added _OSI(Processor Aggregator Device)
[    0.592005] ACPI: Added _OSI(Linux-Dell-Video)
[    0.600007] ACPI: Added _OSI(Linux-Lenovo-NV-HDMI-Audio)
[    0.608008] ACPI: Added _OSI(Linux-HPI-Hybrid-Graphics)
[    0.617696] ACPI: Executed 1 blocks of module-level executable AML code
[    0.631617] ACPI: Interpreter enabled
[    0.636052] ACPI: (supports S0 S5)
[    0.644009] ACPI: Using IOAPIC for interrupt routing
[    0.652596] PCI: Using host bridge windows from ACPI; if necessary, use "pci=nocrs" and report a bug
[    0.664474] ACPI: Enabled 2 GPEs in block 00 to 07
[    0.689738] ACPI: PCI Root Bridge [PCI0] (domain 0000 [bus 00-ff])
[    0.700070] acpi PNP0A03:00: _OSC: OS supports [ASPM ClockPM Segments MSI]
[    0.709760] acpi PNP0A03:00: _OSC: not requesting OS control; OS requires [ExtendedConfig ASPM ClockPM MSI]
[    0.724050] acpi PNP0A03:00: fail to add MMCONFIG information, can't access extended PCI configuration space under this bridge.
[    0.741169] PCI host bridge to bus 0000:00
[    0.748009] pci_bus 0000:00: root bus resource [io  0x0000-0x0cf7 window]
[    0.756008] pci_bus 0000:00: root bus resource [io  0x0d00-0xffff window]
[    0.768007] pci_bus 0000:00: root bus resource [mem 0x000a0000-0x000bffff window]
[    0.776007] pci_bus 0000:00: root bus resource [mem 0xc0000000-0xfdffffff window]
[    0.788008] pci_bus 0000:00: root bus resource [bus 00-ff]
[    0.805390] pci 0000:00:01.1: legacy IDE quirk: reg 0x10: [io  0x01f0-0x01f7]
[    0.816012] pci 0000:00:01.1: legacy IDE quirk: reg 0x14: [io  0x03f6]
[    0.824009] pci 0000:00:01.1: legacy IDE quirk: reg 0x18: [io  0x0170-0x0177]
[    0.836009] pci 0000:00:01.1: legacy IDE quirk: reg 0x1c: [io  0x0376]
[    0.879611] pci 0000:00:07.0: quirk: [io  0x4000-0x403f] claimed by PIIX4 ACPI
[    0.888051] pci 0000:00:07.0: quirk: [io  0x4100-0x410f] claimed by PIIX4 SMB
[    0.914310] ACPI: PCI Interrupt Link [LNKA] (IRQs 5 9 10 *11)
[    0.924214] ACPI: PCI Interrupt Link [LNKB] (IRQs 5 9 *10 11)
[    0.932319] ACPI: PCI Interrupt Link [LNKC] (IRQs 5 *9 10 11)
[    0.944212] ACPI: PCI Interrupt Link [LNKD] (IRQs 5 9 10 *11)
[    0.953163] SCSI subsystem initialized
[    0.960430] pci 0000:00:02.0: vgaarb: setting as boot VGA device
[    0.964000] pci 0000:00:02.0: vgaarb: VGA device added: decodes=io+mem,owns=io+mem,locks=none
[    0.980010] pci 0000:00:02.0: vgaarb: bridge control possible
[    0.988004] vgaarb: loaded
[    0.996171] ACPI: bus type USB registered
[    1.004072] usbcore: registered new interface driver usbfs
[    1.008089] usbcore: registered new interface driver hub
[    1.016041] usbcore: registered new device driver usb
[    1.024667] EDAC MC: Ver: 3.0.0
[    1.033045] PCI: Using ACPI for IRQ routing
[    1.042589] NetLabel: Initializing
[    1.048004] NetLabel:  domain hash size = 128
[    1.056003] NetLabel:  protocols = UNLABELED CIPSOv4 CALIPSO
[    1.064210] NetLabel:  unlabeled traffic allowed by default
[    1.072420] clocksource: Switched to clocksource kvm-clock
[    1.132028] VFS: Disk quotas dquot_6.6.0
[    1.140284] VFS: Dquot-cache hash table entries: 512 (order 0, 4096 bytes)
[    1.149985] AppArmor: AppArmor Filesystem Enabled
[    1.157188] pnp: PnP ACPI init
[    1.164683] pnp: PnP ACPI: found 3 devices
[    1.181369] clocksource: acpi_pm: mask: 0xffffff max_cycles: 0xffffff, max_idle_ns: 2085701024 ns
[    1.192858] NET: Registered protocol family 2
[    1.200787] IP idents hash table entries: 65536 (order: 7, 524288 bytes)
[    1.211377] TCP established hash table entries: 32768 (order: 6, 262144 bytes)
[    1.224207] TCP bind hash table entries: 32768 (order: 7, 524288 bytes)
[    1.234769] TCP: Hash tables configured (established 32768 bind 32768)
[    1.243696] UDP hash table entries: 2048 (order: 4, 65536 bytes)
[    1.251391] UDP-Lite hash table entries: 2048 (order: 4, 65536 bytes)
[    1.261291] NET: Registered protocol family 1
[    1.267112] pci 0000:00:00.0: Limiting direct PCI/PCI transfers
[    1.274938] pci 0000:00:01.0: Activating ISA DMA hang workarounds
[    1.283243] pci 0000:00:02.0: Video device with shadowed ROM at [mem 0x000c0000-0x000dffff]
[    1.295168] Unpacking initramfs...
[    1.366871] Freeing initrd memory: 20404K
[    1.971544] clocksource: tsc: mask: 0xffffffffffffffff max_cycles: 0x271782d3887, max_idle_ns: 440795314643 ns
[    1.984227] platform rtc_cmos: registered platform RTC device (no PNP device found)
[    1.995303] Scanning for low memory corruption every 60 seconds
[    2.008586] Initialise system trusted keyrings
[    2.015405] Key type blacklist registered
[    2.021360] workingset: timestamp_bits=36 max_order=20 bucket_order=0
[    2.032573] zbud: loaded
[    2.038165] squashfs: version 4.0 (2009/01/31) Phillip Lougher
[    2.047624] fuse init (API version 7.26)
[    2.082037] Key type asymmetric registered
[    2.088272] Asymmetric key parser 'x509' registered
[    2.096308] Block layer SCSI generic (bsg) driver version 0.4 loaded (major 246)
[    2.106222] io scheduler noop registered
[    2.111647] io scheduler deadline registered
[    2.117665] io scheduler cfq registered (default)
[    2.125210] ACPI: AC Adapter [AC] (off-line)
[    2.130910] input: Power Button as /devices/LNXSYSTM:00/LNXPWRBN:00/input/input0
[    2.142188] ACPI: Power Button [PWRF]
[    2.147469] input: Sleep Button as /devices/LNXSYSTM:00/LNXSLPBN:00/input/input1
[    2.157042] ACPI: Sleep Button [SLPF]
[    2.164597] Serial: 8250/16550 driver, 32 ports, IRQ sharing enabled
[    2.166647] ACPI: Battery Slot [BAT0] (battery present)
[    2.212192] 00:02: ttyS0 at I/O 0x3f8 (irq = 4, base_baud = 115200) is a 16550A
[    2.225249] Linux agpgart interface v0.103
[    2.237098] loop: module loaded
[    2.250290] scsi host0: ata_piix
[    2.258837] scsi host1: ata_piix
[    2.265088] ata1: PATA max UDMA/33 cmd 0x1f0 ctl 0x3f6 bmdma 0xd000 irq 14
[    2.274946] ata2: PATA max UDMA/33 cmd 0x170 ctl 0x376 bmdma 0xd008 irq 15
[    2.283181] libphy: Fixed MDIO Bus: probed
[    2.290058] tun: Universal TUN/TAP device driver, 1.6
[    2.298281] PPP generic driver version 2.4.2
[    2.305144] ehci_hcd: USB 2.0 'Enhanced' Host Controller (EHCI) Driver
[    2.315832] ehci-pci: EHCI PCI platform driver
[    2.323279] ehci-platform: EHCI generic platform driver
[    2.331545] ohci_hcd: USB 1.1 'Open' Host Controller (OHCI) Driver
[    2.341260] ohci-pci: OHCI PCI platform driver
[    2.346996] ohci-platform: OHCI generic platform driver
[    2.354005] uhci_hcd: USB Universal Host Controller Interface driver
[    2.363129] i8042: PNP: PS/2 Controller [PNP0303:PS2K,PNP0f03:PS2M] at 0x60,0x64 irq 1,12
[    2.379202] serio: i8042 KBD port at 0x60,0x64 irq 1
[    2.385379] serio: i8042 AUX port at 0x60,0x64 irq 12
[    2.392596] mousedev: PS/2 mouse device common for all mice
[    2.402126] input: AT Translated Set 2 keyboard as /devices/platform/i8042/serio0/input/input2
[    2.417848] rtc_cmos rtc_cmos: rtc core: registered rtc_cmos as rtc0
[    2.427648] rtc_cmos rtc_cmos: alarms up to one day, 114 bytes nvram
[    2.435388] i2c /dev entries driver
[    2.444671] device-mapper: uevent: version 1.0.3
[    2.451817] device-mapper: ioctl: 4.37.0-ioctl (2017-09-20) initialised: dm-devel@redhat.com
[    2.481310] ledtrig-cpu: registered to indicate activity on CPUs
[    2.518656] NET: Registered protocol family 10
[    2.541185] Segment Routing with IPv6
[    2.546549] NET: Registered protocol family 17
[    2.552845] Key type dns_resolver registered
[    2.560636] mce: Using 0 MCE banks
[    2.566007] RAS: Correctable Errors collector initialized.
[    2.573915] sched_clock: Marking stable (2573768216, 0)->(3938058731, -1364290515)
[    2.589384] registered taskstats version 1
[    2.595338] Loading compiled-in X.509 certificates
[    2.609038] Loaded X.509 cert 'Build time autogenerated kernel key: ebed311aedd59d9a851620769f4a146e4e1d43c6'
[    2.623389] Loaded X.509 cert 'Canonical Ltd. Live Patch Signing: 14df34d1a87cf37625abec039ef2bf521249b969'
[    2.636646] Loaded X.509 cert 'Canonical Ltd. Kernel Module Signing: 88f752e560a1e0737e31163a466ad7b70a850c19'
[    2.649543] zswap: loaded using pool lzo/zbud
[    2.675013] Key type big_key registered
[    2.680386] Key type trusted registered
[    2.693947] Key type encrypted registered
[    2.699825] AppArmor: AppArmor sha1 policy hashing enabled
[    2.708141] ima: No TPM chip found, activating TPM-bypass! (rc=-19)
[    2.717283] ima: Allocated hash algorithm: sha1
[    2.723224] evm: HMAC attrs: 0x1
[    2.729165]   Magic number: 14:456:431
[    2.734698] rtc_cmos rtc_cmos: setting system clock to 2022-07-24 12:25:02 UTC (1658665502)
[    2.747773] BIOS EDD facility v0.16 2004-Jun-25, 0 devices found
[    2.758010] EDD information not available.
[    2.782081] Freeing unused kernel image memory: 2448K
[    2.824612] Write protecting the kernel read-only data: 20480k
[    2.844412] Freeing unused kernel image memory: 2008K
[    2.860980] Freeing unused kernel image memory: 1824K
[    2.876115] x86/mm: Checked W+X mappings: passed, no W+X pages found.
[    2.884053] x86/mm: Checking user space page tables
[    2.898880] x86/mm: Checked W+X mappings: passed, no W+X pages found.
Loading, please wait...
starting version 237
[    3.054900] e1000: Intel(R) PRO/1000 Network Driver - version 7.3.21-k8-NAPI
[    3.064973] e1000: Copyright (c) 1999-2006 Intel Corporation.
[    3.092761] Fusion MPT base driver 3.04.20
[    3.098967] Copyright (c) 1999-2008 LSI Corporation
[    3.177099] Fusion MPT SPI Host driver 3.04.20
[    3.192265] vboxvideo: loading out-of-tree module taints kernel.
[    3.200705] vboxvideo: module verification failed: signature and/or required key missing - tainting kernel
[    3.214691] vboxvideo: loading version 6.1.36 r152435
[    3.347442] input: ImExPS/2 Generic Explorer Mouse as /devices/platform/i8042/serio1/input/input4
[    3.957796] e1000 0000:00:03.0 eth0: (PCI:33MHz:32-bit) 02:75:2e:1a:60:96
[    3.967494] e1000 0000:00:03.0 eth0: Intel(R) PRO/1000 Network Connection
[    3.978880] mptbase: ioc0: Initiating bringup
[    4.087843] ioc0: LSI53C1030 A0: Capabilities={Initiator}
[    4.353381] scsi host2: ioc0: LSI53C1030 A0, FwRev=00000000h, Ports=1, MaxQ=256, IRQ=20
[    4.537496] scsi 2:0:0:0: Direct-Access     VBOX     HARDDISK         1.0  PQ: 0 ANSI: 5
[    4.549685] [drm] VRAM 01000000
[    4.555444] [TTM] Zone  kernel: Available graphics memory: 1536468 kiB
[    4.565080] [TTM] Initializing pool allocator
[    4.571119] [TTM] Initializing DMA pool allocator
[    4.597300] fbcon: vboxdrmfb (fb0) is primary device
[    4.631582] Console: switching to colour frame buffer device 100x37
[    4.664337] scsi target2:0:0: Beginning Domain Validation
[    4.664964] random: fast init done
[    4.674416] vboxvideo 0000:00:02.0: fb0: vboxdrmfb frame buffer device
[    4.678554] scsi target2:0:0: Domain Validation skipping write tests
[    4.683861] scsi target2:0:0: Ending Domain Validation
[    4.688724] scsi target2:0:0: asynchronous
[    4.692965] [drm] Initialized vboxvideo 1.0.0 20130823 for 0000:00:02.0 on minor 0
[    4.696151] scsi 2:0:1:0: Direct-Access     VBOX     HARDDISK         1.0  PQ: 0 ANSI: 5
[    4.706381] random: systemd-udevd: uninitialized urandom read (16 bytes read)
[    4.712664] random: systemd-udevd: uninitialized urandom read (16 bytes read)
[    4.718084] random: systemd-udevd: uninitialized urandom read (16 bytes read)
[    4.748350] scsi target2:0:1: Beginning Domain Validation
[    4.765417] scsi target2:0:1: Domain Validation skipping write tests
[    4.775027] scsi target2:0:1: Ending Domain Validation
[    4.784376] scsi target2:0:1: asynchronous
[    4.809479] sd 2:0:0:0: [sda] 83886080 512-byte logical blocks: (42.9 GB/40.0 GiB)
[    4.820816] sd 2:0:0:0: Attached scsi generic sg0 type 0
[    4.831629] sd 2:0:0:0: [sda] Write Protect is off
[    4.843981] sd 2:0:1:0: [sdb] 20480 512-byte logical blocks: (10.5 MB/10.0 MiB)
[    4.857360] sd 2:0:1:0: Attached scsi generic sg1 type 0
[    4.868459] sd 2:0:1:0: [sdb] Write Protect is off
[    4.879986] sd 2:0:0:0: [sda] Incomplete mode parameter data
[    4.892383] sd 2:0:0:0: [sda] Assuming drive cache: write through
[    4.905004] sd 2:0:1:0: [sdb] Incomplete mode parameter data
[    4.917126] sd 2:0:1:0: [sdb] Assuming drive cache: write through
[    4.936684]  sda: sda1
[    4.958026] sd 2:0:0:0: [sda] Attached SCSI disk
[    4.973329] sd 2:0:1:0: [sdb] Attached SCSI disk
[    5.507445] e1000 0000:00:08.0 eth1: (PCI:33MHz:32-bit) 08:00:27:c8:09:28
[    5.521590] e1000 0000:00:08.0 eth1: Intel(R) PRO/1000 Network Connection
[    5.538036] e1000 0000:00:08.0 enp0s8: renamed from eth1
[    5.578706] e1000 0000:00:03.0 enp0s3: renamed from eth0
Begin: Loading essential drivers ... [    5.852271] raid6: sse2x1   gen() 10000 MB/s
[    5.912779] raid6: sse2x1   xor()  6943 MB/s
[    5.972398] raid6: sse2x2   gen() 12613 MB/s
[    6.032137] raid6: sse2x2   xor()  8335 MB/s
[    6.092555] raid6: sse2x4   gen() 13869 MB/s
[    6.152230] raid6: sse2x4   xor()  9141 MB/s
[    6.163628] raid6: using algorithm sse2x4 gen() 13869 MB/s
[    6.175521] raid6: .... xor() 9141 MB/s, rmw enabled
[    6.186922] raid6: using ssse3x2 recovery algorithm
[    6.201933] xor: measuring software checksum speed
[    8.380186]    prefetch64-sse: -266304.-296 MB/sec
[   12.476888]    generic_sse: -495322.-296 MB/sec
[   12.487855] xor: using function: prefetch64-sse (-266304.-296 MB/sec)
[   12.503763] async_tx: api initialized (async)
done.
Begin: Running /scripts/init-premount ... done.
Begin: Mounting root file system ... Begin: Running /scripts/local-top ... done.
Begin: Running /scripts/local-premount ... [   12.608653] Btrfs loaded, crc32c=crc32c-intel
Scanning for Btrfs filesystems
done.
Begin: Will now check root file system ... fsck from util-linux 2.31.1
[/sbin/fsck.ext4 (1) -- /dev/sda1] fsck.ext4 -a -C0 /dev/sda1 
cloudimg-rootfs: recovering journal
cloudimg-rootfs: Clearing orphaned inode 5049 (uid=0, gid=0, mode=0100644, size=26376)
cloudimg-rootfs: Clearing orphaned inode 2253 (uid=0, gid=0, mode=0100644, size=10592)
cloudimg-rootfs: Clearing orphaned inode 2251 (uid=0, gid=0, mode=0100644, size=31680)
cloudimg-rootfs: Clearing orphaned inode 2250 (uid=0, gid=0, mode=0100644, size=97072)
cloudimg-rootfs: Clearing orphaned inode 2249 (uid=0, gid=0, mode=0100755, size=144976)
cloudimg-rootfs: Clearing orphaned inode 2246 (uid=0, gid=0, mode=0100644, size=47576)
cloudimg-rootfs: Clearing orphaned inode 2244 (uid=0, gid=0, mode=0100644, size=47568)
cloudimg-rootfs: Clearing orphaned inode 2242 (uid=0, gid=0, mode=0100644, size=39744)
cloudimg-rootfs: Clearing orphaned inode 2241 (uid=0, gid=0, mode=0100644, size=97176)
cloudimg-rootfs: Clearing orphaned inode 2238 (uid=0, gid=0, mode=0100644, size=1700792)
cloudimg-rootfs: Clearing orphaned inode 2237 (uid=0, gid=0, mode=0100644, size=14560)
cloudimg-rootfs: Clearing orphaned inode 2234 (uid=0, gid=0, mode=0100755, size=2030928)
cloudimg-rootfs: Clearing orphaned inode 2230 (uid=0, gid=0, mode=0100755, size=179152)
cloudimg-rootfs: clean, 74357/5120000 files, 717902/10485499 blocks
done.
[   13.236343] EXT4-fs (sda1): mounted filesystem with ordered data mode. Opts: (null)
done.
Begin: Running /scripts/local-bottom ... done.
Begin: Running /scripts/init-bottom ... done.
[   13.793575] ip_tables: (C) 2000-2006 Netfilter Core Team
[   13.849023] systemd[1]: systemd 237 running in system mode. (+PAM +AUDIT +SELINUX +IMA +APPARMOR +SMACK +SYSVINIT +UTMP +LIBCRYPTSETUP +GCRYPT +GNUTLS +ACL +XZ +LZ4 +SECCOMP +BLKID +ELFUTILS +KMOD -IDN2 +IDN -PCRE2 default-hierarchy=hybrid)
[   13.891083] systemd[1]: Detected virtualization oracle.
[   13.903691] systemd[1]: Detected architecture x86-64.

Welcome to [1mUbuntu 18.04.6 LTS[0m!

[   13.979741] systemd[1]: Set hostname to <dev>.
[   14.853336] systemd[1]: Created slice System Slice.
[[0;32m  OK  [0m] Created slice System Slice.
[   14.873257] systemd[1]: Listening on Journal Socket (/dev/log).
[[0;32m  OK  [0m] Listening on Journal Socket (/dev/log).
[   14.893237] systemd[1]: Listening on /dev/initctl Compatibility Named Pipe.
[[0;32m  OK  [0m] Listening on /dev/initctl Compatibility Named Pipe.
[   14.913860] systemd[1]: Listening on Syslog Socket.
[[0;32m  OK  [0m] Listening on Syslog Socket.
[   14.933734] systemd[1]: Listening on Journal Socket.
[[0;32m  OK  [0m] Listening on Journal Socket.
[   14.952568] systemd[1]: Mounting POSIX Message Queue File System...
         Mounting POSIX Message Queue File System...
         Starting Uncomplicated firewall...
[[0;32m  OK  [0m] Listening on Device-mapper event daemon FIFOs.
[[0;32m  OK  [0m] Reached target System Time Synchronized.
[[0;32m  OK  [0m] Set up automount Arbitrary Executabâ€¦rmats File System Automount Point.
[[0;32m  OK  [0m] Listening on fsck to fsckd communication Socket.
[[0;32m  OK  [0m] Created slice system-serial\x2dgetty.slice.
[[0;32m  OK  [0m] Listening on LVM2 metadata daemon socket.
[[0;32m  OK  [0m] Reached target User and Group Name Lookups.
         Starting Load Kernel Modules...
         Mounting Kernel Debug File System...
[[0;32m  OK  [0m] Listening on LVM2 poll daemon socket.
[[0;32m  OK  [0m] Created slice User and Session Slice.[   15.053143] Loading iSCSI transport class v2.0-870.

[[0;32m  OK  [0m] Reached target Slices.
[[0;32m  OK  [0m] Listening on udev Control Socket.
[   15.082371] iscsi: registered transport (tcp)
[[0;32m  OK  [0m] Reached target Swap.
[[0;32m  OK  [0m] Listening on Network Service Netlink Socket.
[[0;32m  OK  [0m] Listening on udev Kernel Socket.
         Starting udev Coldplug all Devices...
         Starting Set the console keyboard layout...
[[0;32m  OK  [0m] Started Forward Password Requests to Wall Directory Watch.
         Starting Remount Root and Kernel File Systems...
[[0;32m  OK  [0m] Listening on Journal Audit Socket.
         Starting Journal Service...
         Mounting Huge Pages File System...
[   15.192590] EXT4-fs (sda1): re-mounted. Opts: (null)
         Starting Monitoring of LVM2 mirrorsâ€¦ng dmeventd or progress polling...
         Starting Create list of required stâ€¦ce nodes for the current kernel...
[[0;32m  OK  [0m] Mounted POSIX Message Queue File System.
[[0;32m  OK  [0m] Started Uncomplicated firewall.
[[0;32m  OK  [0m] Mounted Kernel Debug File System.
[[0;32m  OK  [0m] Started Remount Root and Kernel File Systems.
[[0;32m  OK  [0m] Mounted Huge Pages File System.
         Starting Load/Save Random Seed...
[   15.302935] iscsi: registered transport (iser)
[   15.317302] random: crng init done
[   15.329333] random: 7 urandom warning(s) missed due to ratelimiting
[[0;32m  OK  [0m] Started Journal Service.
[[0;32m  OK  [0m] Started Load Kernel Modules.
[[0;32m  OK  [0m] Started Create list of required staâ€¦vice nodes for the current kernel.
[[0;32m  OK  [0m] Started udev Coldplug all Devices.
[[0;32m  OK  [0m] Started Load/Save Random Seed.
         Starting Create Static Device Nodes in /dev...
         Mounting FUSE Control File System...
         Mounting Kernel Configuration File System...
         Starting Apply Kernel Variables...
         Starting Flush Journal to Persistent Storage...
[[0;32m  OK  [0m] Mounted Kernel Configuration File System.
[[0;32m  OK  [0m] Mounted FUSE Control File System.
[[0;32m  OK  [0m] Started LVM2 metadata daemon.
[   15.512200] systemd-journald[401]: Received request to flush runtime journal from PID 1
[[0;32m  OK  [0m] Started Set the console keyboard layout.
[[0;32m  OK  [0m] Started Create Static Device Nodes in /dev.
         Starting udev Kernel Device Manager...
[[0;32m  OK  [0m] Started Monitoring of LVM2 mirrors,â€¦sing dmeventd or progress polling.
[[0;32m  OK  [0m] Reached target Local File Systems (Pre).
[[0;32m  OK  [0m] Reached target Local File Systems.
         Starting Tell Plymouth To Write Out Runtime Data...
         Starting Set console font and keymap...
         Starting ebtables ruleset management...
         Starting AppArmor initialization...
[[0;32m  OK  [0m] Started Apply Kernel Variables.
[[0;32m  OK  [0m] Started Flush Journal to Persistent Storage.
         Starting Create Volatile Files and Directories...
[[0;32m  OK  [0m] Started Set console font and keymap.
[[0;32m  OK  [0m] Started Tell Plymouth To Write Out Runtime Data.
[[0;32m  OK  [0m] Started Create Volatile Files and Directories.
[[0;32m  OK  [0m] Started udev Kernel Device Manager.
[[0;32m  OK  [0m] Started Dispatch Password Requests to Console Directory Watch.
[[0;32m  OK  [0m] Reached target Local Encrypted Volumes.
         Starting Update UTMP about System Boot/Shutdown...
[[0;32m  OK  [0m] Started Update UTMP about System Boot/Shutdown.
[[0;32m  OK  [0m] Started ebtables ruleset management.
[[0;32m  OK  [0m] Started AppArmor initialization.
         Starting Initial cloud-init job (pre-networking)...
         Starting Load AppArmor profiles managed internally by snapd...
[[0;32m  OK  [0m] Found device /dev/ttyS0.
[[0;32m  OK  [0m] Started Load AppArmor profiles managed internally by snapd.
[[0;32m  OK  [0m] Listening on Load/Save RF Kill Switch Status /dev/rfkill Watch.
[   19.358297] cloud-init[517]: Cloud-init v. 21.3-1-g6803368d-0ubuntu1~18.04.4 running 'init-local' at Sun, 24 Jul 2022 12:25:18 +0000. Up 18.91 seconds.
[[0;32m  OK  [0m] Started Initial cloud-init job (pre-networking).
[[0;32m  OK  [0m] Reached target Network (Pre).
         Starting Network Service...
[[0;32m  OK  [0m] Started Network Service.
         Starting Wait for Network to be Configured...
         Starting Network Name Resolution...
[[0;32m  OK  [0m] Started Network Name Resolution.
[[0;32m  OK  [0m] Reached target Host and Network Name Lookups.
[[0;32m  OK  [0m] Reached target Network.
[[0;32m  OK  [0m] Started Wait for Network to be Configured.
         Starting Initial cloud-init job (metadata service crawler)...
[   22.132949] cloud-init[724]: Cloud-init v. 21.3-1-g6803368d-0ubuntu1~18.04.4 running 'init' at Sun, 24 Jul 2022 12:25:21 +0000. Up 21.97 seconds.
[   22.145650] cloud-init[724]: ci-info: ++++++++++++++++++++++++++++++++++++++Net device info++++++++++++++++++++++++++++++++++++++
[   22.156160] cloud-init[724]: ci-info: +--------+------+----------------------------+---------------+--------+-------------------+
[   22.166783] cloud-init[724]: ci-info: | Device |  Up  |          Address           |      Mask     | Scope  |     Hw-Address    |
[   22.177881] cloud-init[724]: ci-info: +--------+------+----------------------------+---------------+--------+-------------------+
[   22.189919] cloud-init[724]: ci-info: | enp0s3 | True |         10.0.2.15          | 255.255.255.0 | global | 02:75:2e:1a:60:96 |
[   22.200175] cloud-init[724]: ci-info: | enp0s3 | True | fe80::75:2eff:fe1a:6096/64 |       .       |  link  | 02:75:2e:1a:60:96 |
[   22.211505] cloud-init[724]: ci-info: | enp0s8 | True |       192.168.56.10        | 255.255.255.0 | global | 08:00:27:c8:09:28 |
[   22.223290] cloud-init[724]: ci-info: | enp0s8 | True | fe80::a00:27ff:fec8:928/64 |       .       |  link  | 08:00:27:c8:09:28 |
[   22.234727] cloud-init[724]: ci-info: |   lo   | True |         127.0.0.1          |   255.0.0.0   |  host  |         .         |
[   22.245029] cloud-init[724]: ci-info: |   lo   | True |          ::1/128           |       .       |  host  |         .         |
[   22.255774] cloud-init[724]: ci-info: +--------+------+----------------------------+---------------+--------+-------------------+
[   22.265649] cloud-init[724]: ci-info: +++++++++++++++++++++++++++++Route IPv4 info+++++++++++++++++++++++++++++
[   22.274447] cloud-init[724]: ci-info: +-------+--------------+----------+-----------------+-----------+-------+
[   22.282914] cloud-init[724]: ci-info: | Route | Destination  | Gateway  |     Genmask     | Interface | Flags |
[   22.290916] cloud-init[724]: ci-info: +-------+--------------+----------+-----------------+-----------+-------+
[   22.298853] cloud-init[724]: ci-info: |   0   |   0.0.0.0    | 10.0.2.2 |     0.0.0.0     |   enp0s3  |   UG  |
[   22.307872] cloud-init[724]: ci-info: |   1   |   10.0.2.0   | 0.0.0.0  |  255.255.255.0  |   enp0s3  |   U   |
[   22.316865] cloud-init[724]: ci-info: |   2   |   10.0.2.2   | 0.0.0.0  | 255.255.255.255 |   enp0s3  |   UH  |
[   22.325459] cloud-init[724]: ci-info: |   3   | 192.168.56.0 | 0.0.0.0  |  255.255.255.0  |   enp0s8  |   U   |
[   22.334113] cloud-init[724]: ci-info: +-------+--------------+----------+-----------------+-----------+-------+
[   22.341640] cloud-init[724]: ci-info: +++++++++++++++++++Route IPv6 info+++++++++++++++++++
[   22.349062] cloud-init[724]: ci-info: +-------+-------------+---------+-----------+-------+
[   22.359802] cloud-init[724]: ci-info: | Route | Destination | Gateway | Interface | Flags |
[   22.364774] cloud-init[724]: ci-info: +-------+-------------+---------+-----------+-------+
[   22.369368] cloud-init[724]: ci-info: |   1   |  fe80::/64  |    ::   |   enp0s8  |   U   |
[   22.374302] cloud-init[724]: ci-info: |   2   |  fe80::/64  |    ::   |   enp0s3  |   U   |
[   22.378009] cloud-init[724]: ci-info: |   4   |    local    |    ::   |   enp0s3  |   U   |
[   22.382655] cloud-init[724]: ci-info: |   5   |    local    |    ::   |   enp0s8  |   U   |
[   22.387368] cloud-init[724]: ci-info: |   6   |   ff00::/8  |    ::   |   enp0s8  |   U   |
[   22.392092] cloud-init[724]: ci-info: |   7   |   ff00::/8  |    ::   |   enp0s3  |   U   |
[   22.397205] cloud-init[724]: ci-info: +-------+-------------+---------+-----------+-------+
[[0;32m  OK  [0m] Started Initial cloud-init job (metadata service crawler).
[[0;32m  OK  [0m] Reached target System Initialization.
[[0;32m  OK  [0m] Listening on D-Bus System Message Bus Socket.
[[0;32m  OK  [0m] Listening on Open-iSCSI iscsid Socket.
[[0;32m  OK  [0m] Listening on ACPID Listen Socket.
[[0;32m  OK  [0m] Listening on UUID daemon activation socket.
[[0;32m  OK  [0m] Started Ubuntu Advantage Timer for running repeated jobs.
         Starting LXD - unix socket.
[[0;32m  OK  [0m] Started Daily Cleanup of Temporary Directories.
[[0;32m  OK  [0m] Started Discard unused blocks once a week.
         Starting Socket activation for snappy daemon.
[[0;32m  OK  [0m] Started Trigger to poll for Ubuntu â€¦(Only enabled on GCP LTS non-pro).
[[0;32m  OK  [0m] Started ACPI Events Check.
[[0;32m  OK  [0m] Reached target Paths.
[[0;32m  OK  [0m] Started Message of the Day.
[[0;32m  OK  [0m] Started Daily apt download activities.
[[0;32m  OK  [0m] Started Daily apt upgrade and clean activities.
[[0;32m  OK  [0m] Reached target Timers.
[[0;32m  OK  [0m] Listening on cloud-init hotplug hook socket.
[[0;32m  OK  [0m] Reached target Cloud-config availability.
[[0;32m  OK  [0m] Reached target Network is Online.
[[0;32m  OK  [0m] Reached target Remote File Systems (Pre).
         Starting Availability of block devices...
         Mounting /vagrant...
[[0;32m  OK  [0m] Listening on LXD - unix socket.
[[0;32m  OK  [0m] Listening on Socket activation for snappy daemon.
[[0;32m  OK  [0m] Started Availability of block devices.
[[0;32m  OK  [0m] Reached target Sockets.
[[0;32m  OK  [0m] Reached target Basic System.
         Starting Login Service...
         Starting Accounts Service...
         Starting vboxadd.service...
[[0;32m  OK  [0m] Started Regular background program processing daemon.
[[0;32m  OK  [0m] Started D-Bus System Message Bus.
         Starting Message of the Day...
         Starting A high performance web server and a reverse proxy server...
         Starting OpenBSD Secure Shell server...
         Starting System Logging Service...
[[0;32m  OK  [0m] Started FUSE filesystem for LXC.
[[0;32m  OK  [0m] Started Deferred execution scheduler.
         Starting Snap Daemon...
         Starting Dispatcher daemon for systemd-networkd...
[[0;32m  OK  [0m] Started irqbalance daemon.
         Starting LSB: Record successful boot for GRUB...
         Starting LXD - container startup/shutdown...
[[0;32m  OK  [0m] Started System Logging Service.
[[0;1;31mFAILED[0m] Failed to mount /vagrant.
See 'systemctl status vagrant.mount' for details.
[[0;1;33mDEPEND[0m] Dependency failed for Remote File Systems.
[[0;32m  OK  [0m] Started Login Service.
[[0;32m  OK  [0m] Started OpenBSD Secure Shell server.
         Starting Authorization Manager...
[[0;32m  OK  [0m] Started Unattended Upgrades Shutdown.
         Starting Permit User Sessions...
         Starting LSB: automatic crash report generation...
[[0;32m  OK  [0m] Started Permit User Sessions.
         Starting Hold until boot process finishes up...
         Starting Terminate Plymouth Boot Screen...
[[0;32m  OK  [0m] Started Hold until boot process finishes up.
         Starting Set console scheme...
[[0;32m  OK  [0m] Started Serial Getty on ttyS0.
[[0;32m  OK  [0m] Started Terminate Plymouth Boot Screen.
[[0;32m  OK  [0m] Started Authorization Manager.
[[0;32m  OK  [0m] Started Accounts Service.
[[0;32m  OK  [0m] Started Set console scheme.
[[0;32m  OK  [0m] Created slice system-getty.slice.
[[0;32m  OK  [0m] Started Getty on tty1.
[[0;32m  OK  [0m] Reached target Login Prompts.
[[0;32m  OK  [0m] Started LSB: automatic crash report generation.
[[0;32m  OK  [0m] Started A high performance web server and a reverse proxy server.
[[0;32m  OK  [0m] Started LSB: Record successful boot for GRUB.
[[0;32m  OK  [0m] Started Dispatcher daemon for systemd-networkd.
[[0;32m  OK  [0m] Started LXD - container startup/shutdown.
[[0;32m  OK  [0m] Started Snap Daemon.
         Starting Wait until snapd is fully seeded...
[[0;32m  OK  [0m] Started Wait until snapd is fully seeded.
         Starting Apply the settings specified in cloud-config...
[[0;32m  OK  [0m] Started Message of the Day.
[   27.506041] cloud-init[1212]: Cloud-init v. 21.3-1-g6803368d-0ubuntu1~18.04.4 running 'modules:config' at Sun, 24 Jul 2022 12:25:27 +0000. Up 27.32 seconds.
[[0;32m  OK  [0m] Started Apply the settings specified in cloud-config.
[[0;32m  OK  [0m] Started vboxadd.service.
         Starting vboxadd-service.service...
[   29.596936] cloud-init[1337]: Cloud-init v. 21.3-1-g6803368d-0ubuntu1~18.04.4 running 'modules:final' at Sun, 24 Jul 2022 12:25:29 +0000. Up 29.46 seconds.
[   29.608102] cloud-init[1337]: Cloud-init v. 21.3-1-g6803368d-0ubuntu1~18.04.4 finished at Sun, 24 Jul 2022 12:25:29 +0000. Datasource DataSourceNoCloud [seed=/dev/sdb][dsmode=net].  Up 29.58 seconds

Ubuntu 18.04.6 LTS dev ttyS0

dev login: 